<html>
<body>
<pre>
<h1>µVision Build Log</h1>
<h2>Project:</h2>
D:\BITSILICA\SALMAN\Learning\LPC2148_Projects\019_Uart_Cmd_Ctrl\uart_cmd_ctrl.uvproj
Project File Date:  09/03/2025

<h2>Output:</h2>
Build target 'Target 1'
assembling Startup.s...
compiling main.c...
main.c(81): warning:  #1-D: last line of file ends without a newline
linking...
Program Size: Code=1388 RO-data=16 RW-data=0 ZI-data=1256  
"uart_cmd_ctrl.axf" - 0 Error(s), 1 Warning(s).
Build target 'Target 1'
compiling main.c...
linking...
Program Size: Code=1388 RO-data=16 RW-data=0 ZI-data=1256  
"uart_cmd_ctrl.axf" - 0 Error(s), 0 Warning(s).
Build target 'Target 1'
linking...
Program Size: Code=1388 RO-data=16 RW-data=0 ZI-data=1256  
FromELF: creating hex file...
"uart_cmd_ctrl.axf" - 0 Error(s), 0 Warning(s).
Build target 'Target 1'
compiling main.c...
linking...
Program Size: Code=1388 RO-data=16 RW-data=0 ZI-data=1256  
FromELF: creating hex file...
"uart_cmd_ctrl.axf" - 0 Error(s), 0 Warning(s).
