<html>
<body>
<pre>
<h1>µVision Build Log</h1>
<h2>Project:</h2>
D:\BITSILICA\SALMAN\Learning\LPC2148_Projects\002_LPC2148_Button_State_Read\Button_State_read.uvproj
Project File Date:  08/28/2025

<h2>Output:</h2>
Build target 'Target 1'
assembling Startup.s...
compiling main.c...
main.c(21): error:  #20: identifier "PINMODE0" is undefined
Target not created
Build target 'Target 1'
compiling main.c...
linking...
Program Size: Code=828 RO-data=16 RW-data=0 ZI-data=1256  
"Button_State_read.axf" - 0 Error(s), 0 Warning(s).
Build target 'Target 1'
linking...
Program Size: Code=828 RO-data=16 RW-data=0 ZI-data=1256  
"Button_State_read.axf" - 0 Error(s), 0 Warning(s).
Build target 'Target 1'
linking...
Program Size: Code=828 RO-data=16 RW-data=0 ZI-data=1256  
FromELF: creating hex file...
"Button_State_read.axf" - 0 Error(s), 0 Warning(s).
Build target 'Target 1'
compiling main.c...
linking...
Program Size: Code=828 RO-data=16 RW-data=0 ZI-data=1256  
FromELF: creating hex file...
"Button_State_read.axf" - 0 Error(s), 0 Warning(s).
Build target 'Target 1'
compiling main.c...
linking...
Program Size: Code=808 RO-data=16 RW-data=0 ZI-data=1256  
FromELF: creating hex file...
"Button_State_read.axf" - 0 Error(s), 0 Warning(s).
Build target 'Target 1'
compiling main.c...
linking...
Program Size: Code=828 RO-data=16 RW-data=0 ZI-data=1256  
FromELF: creating hex file...
"Button_State_read.axf" - 0 Error(s), 0 Warning(s).
Build target 'Target 1'
compiling main.c...
linking...
Program Size: Code=832 RO-data=16 RW-data=0 ZI-data=1256  
FromELF: creating hex file...
"Button_State_read.axf" - 0 Error(s), 0 Warning(s).
Build target 'Target 1'
compiling main.c...
linking...
Program Size: Code=828 RO-data=16 RW-data=0 ZI-data=1256  
FromELF: creating hex file...
"Button_State_read.axf" - 0 Error(s), 0 Warning(s).
Build target 'Target 1'
compiling main.c...
linking...
Program Size: Code=832 RO-data=16 RW-data=0 ZI-data=1256  
FromELF: creating hex file...
"Button_State_read.axf" - 0 Error(s), 0 Warning(s).
Build target 'Target 1'
compiling main.c...
linking...
Program Size: Code=828 RO-data=16 RW-data=0 ZI-data=1256  
FromELF: creating hex file...
"Button_State_read.axf" - 0 Error(s), 0 Warning(s).
Build target 'Target 1'
compiling main.c...
linking...
Program Size: Code=828 RO-data=16 RW-data=0 ZI-data=1256  
FromELF: creating hex file...
"Button_State_read.axf" - 0 Error(s), 0 Warning(s).
