<html>
<body>
<pre>
<h1>µVision Build Log</h1>
<h2>Project:</h2>
D:\BITSILICA\SALMAN\Learning\LPC2148_Projects\011_LPC2148_StepperMotor\stepper_motor.uvproj
Project File Date:  09/01/2025

<h2>Output:</h2>
Build target 'Target 1'
assembling Startup.s...
compiling main.c...
linking...
Program Size: Code=928 RO-data=16 RW-data=0 ZI-data=1256  
"stepper_motor.axf" - 0 Error(s), 0 Warning(s).
Build target 'Target 1'
linking...
Program Size: Code=928 RO-data=16 RW-data=0 ZI-data=1256  
FromELF: creating hex file...
"stepper_motor.axf" - 0 Error(s), 0 Warning(s).
