<html>
<body>
<pre>
<h1>µVision Build Log</h1>
<h2>Project:</h2>
D:\BITSILICA\SALMAN\Learning\LPC_2148_Project\001_LPC2148.uvproj
Project File Date:  08/26/2025

<h2>Output:</h2>
Build target 'Target 1'
linking...
Program Size: Code=692 RO-data=16 RW-data=0 ZI-data=1256  
FromELF: creating hex file...
"001_LPC2148.axf" - 0 Error(s), 0 Warning(s).
Build target 'Target 1'
compiling mian.c...
linking...
Program Size: Code=692 RO-data=16 RW-data=0 ZI-data=1256  
FromELF: creating hex file...
"001_LPC2148.axf" - 0 Error(s), 0 Warning(s).
Clean started: Project: '001_LPC2148'
   deleting intermediate output files for target 'Target 1'
Build target 'Target 1'
assembling Startup.s...
compiling mian.c...
linking...
Program Size: Code=692 RO-data=16 RW-data=0 ZI-data=1256  
FromELF: creating hex file...
"001_LPC2148.axf" - 0 Error(s), 0 Warning(s).
Build target 'Target 1'
compiling mian.c...
mian.c(16): warning:  #1-D: last line of file ends without a newline
linking...
Program Size: Code=892 RO-data=32 RW-data=4 ZI-data=1260  
FromELF: creating hex file...
"001_LPC2148.axf" - 0 Error(s), 1 Warning(s).
Build target 'Target 1'
compiling mian.c...
linking...
Program Size: Code=892 RO-data=32 RW-data=4 ZI-data=1260  
FromELF: creating hex file...
"001_LPC2148.axf" - 0 Error(s), 0 Warning(s).
Build target 'Target 1'
compiling mian.c...
mian.c(6): error:  #65: expected a ";"
mian.c(17): warning: At end of source:  #12-D: parsing restarts here after previous syntax error
Target not created
Build target 'Target 1'
compiling mian.c...
linking...
Program Size: Code=892 RO-data=32 RW-data=4 ZI-data=1260  
FromELF: creating hex file...
"001_LPC2148.axf" - 0 Error(s), 0 Warning(s).
Build target 'Target 1'
compiling mian.c...
mian.c(25): error:  #165: too few arguments in function call
mian.c(27): error:  #165: too few arguments in function call
Target not created
Build target 'Target 1'
compiling mian.c...
mian.c(25): error:  #165: too few arguments in function call
mian.c(27): error:  #165: too few arguments in function call
Target not created
Build target 'Target 1'
compiling mian.c...
mian.c(29): warning:  #111-D: statement is unreachable
linking...
Program Size: Code=808 RO-data=16 RW-data=0 ZI-data=1256  
FromELF: creating hex file...
"001_LPC2148.axf" - 0 Error(s), 1 Warning(s).
Build target 'Target 1'
compiling mian.c...
mian.c(27): warning:  #111-D: statement is unreachable
linking...
Program Size: Code=808 RO-data=16 RW-data=0 ZI-data=1256  
FromELF: creating hex file...
"001_LPC2148.axf" - 0 Error(s), 1 Warning(s).
Build target 'Target 1'
compiling mian.c...
linking...
Program Size: Code=808 RO-data=16 RW-data=0 ZI-data=1256  
FromELF: creating hex file...
"001_LPC2148.axf" - 0 Error(s), 0 Warning(s).
