<html>
<body>
<pre>
<h1>µVision Build Log</h1>
<h2>Project:</h2>
D:\BITSILICA\SALMAN\Learning\LPC2148_Projects\017_Digital_PushBtn_Counter\push_btn_cntr.uvproj
Project File Date:  09/03/2025

<h2>Output:</h2>
Build target 'Target 1'
assembling Startup.s...
compiling main.c...
linking...
Program Size: Code=1712 RO-data=16 RW-data=0 ZI-data=1256  
"push_btn_cntr.axf" - 0 Error(s), 0 Warning(s).
Build target 'Target 1'
linking...
Program Size: Code=1712 RO-data=16 RW-data=0 ZI-data=1256  
FromELF: creating hex file...
"push_btn_cntr.axf" - 0 Error(s), 0 Warning(s).
Build target 'Target 1'
compiling main.c...
linking...
Program Size: Code=1716 RO-data=16 RW-data=0 ZI-data=1256  
FromELF: creating hex file...
"push_btn_cntr.axf" - 0 Error(s), 0 Warning(s).
Build target 'Target 1'
linking...
Program Size: Code=1716 RO-data=16 RW-data=0 ZI-data=1256  
FromELF: creating hex file...
"push_btn_cntr.axf" - 0 Error(s), 0 Warning(s).
Build target 'Target 1'
compiling main.c...
linking...
Program Size: Code=1716 RO-data=16 RW-data=0 ZI-data=1256  
FromELF: creating hex file...
"push_btn_cntr.axf" - 0 Error(s), 0 Warning(s).
Build target 'Target 1'
compiling main.c...
linking...
Program Size: Code=1776 RO-data=16 RW-data=0 ZI-data=1256  
FromELF: creating hex file...
"push_btn_cntr.axf" - 0 Error(s), 0 Warning(s).
Build target 'Target 1'
compiling main.c...
linking...
Program Size: Code=1776 RO-data=16 RW-data=0 ZI-data=1256  
FromELF: creating hex file...
"push_btn_cntr.axf" - 0 Error(s), 0 Warning(s).
Build target 'Target 1'
compiling main.c...
linking...
Program Size: Code=1776 RO-data=16 RW-data=0 ZI-data=1256  
FromELF: creating hex file...
"push_btn_cntr.axf" - 0 Error(s), 0 Warning(s).
