<html>
<body>
<pre>
<h1>µVision Build Log</h1>
<h2>Project:</h2>
D:\BITSILICA\SALMAN\Learning\LPC2148_Projects\015_Uart_Interrupt\uart_interrupt.uvproj
Project File Date:  09/03/2025

<h2>Output:</h2>
Build target 'Target 1'
assembling Startup.s...
compiling main.c...
main.c(34): error:  #20: identifier "ucTxBuff" is undefined
main.c(95): warning:  #1-D: last line of file ends without a newline
Target not created
Build target 'Target 1'
compiling main.c...
main.c(95): warning:  #1-D: last line of file ends without a newline
linking...
uart_interrupt.axf: Error: L6218E: Undefined symbol main (referred from rtentry2.o).
Target not created
Build target 'Target 1'
compiling main.c...
linking...
uart_interrupt.axf: Error: L6218E: Undefined symbol main (referred from rtentry2.o).
Target not created
Build target 'Target 1'
compiling main.c...
linking...
uart_interrupt.axf: Error: L6218E: Undefined symbol main (referred from rtentry2.o).
Target not created
Build target 'Target 1'
compiling main.c...
linking...
uart_interrupt.axf: Error: L6218E: Undefined symbol main (referred from rtentry2.o).
Target not created
Build target 'Target 1'
compiling main.c...
linking...
Program Size: Code=1800 RO-data=36 RW-data=4 ZI-data=1260  
"uart_interrupt.axf" - 0 Error(s), 0 Warning(s).
Build target 'Target 1'
assembling Startup.s...
linking...
Program Size: Code=1816 RO-data=36 RW-data=4 ZI-data=1260  
"uart_interrupt.axf" - 0 Error(s), 0 Warning(s).
Build target 'Target 1'
compiling main.c...
main.c(119): warning:  #1-D: last line of file ends without a newline
linking...
Program Size: Code=1784 RO-data=32 RW-data=4 ZI-data=1260  
"uart_interrupt.axf" - 0 Error(s), 1 Warning(s).
Build target 'Target 1'
compiling main.c...
linking...
Program Size: Code=1784 RO-data=32 RW-data=4 ZI-data=1260  
"uart_interrupt.axf" - 0 Error(s), 0 Warning(s).
Build target 'Target 1'
compiling main.c...
main.c(44): warning:  #167-D: argument of type "char *" is incompatible with parameter of type "uint8_t *"
linking...
Program Size: Code=1880 RO-data=36 RW-data=4 ZI-data=1260  
"uart_interrupt.axf" - 0 Error(s), 1 Warning(s).
Build target 'Target 1'
compiling main.c...
linking...
Program Size: Code=1880 RO-data=36 RW-data=4 ZI-data=1260  
"uart_interrupt.axf" - 0 Error(s), 0 Warning(s).
Build target 'Target 1'
compiling main.c...
linking...
Program Size: Code=1864 RO-data=36 RW-data=4 ZI-data=1260  
"uart_interrupt.axf" - 0 Error(s), 0 Warning(s).
Build target 'Target 1'
compiling main.c...
linking...
Program Size: Code=1880 RO-data=36 RW-data=4 ZI-data=1260  
"uart_interrupt.axf" - 0 Error(s), 0 Warning(s).
Build target 'Target 1'
compiling main.c...
linking...
Program Size: Code=1892 RO-data=36 RW-data=4 ZI-data=1260  
"uart_interrupt.axf" - 0 Error(s), 0 Warning(s).
Build target 'Target 1'
compiling main.c...
linking...
Program Size: Code=1892 RO-data=36 RW-data=4 ZI-data=1260  
"uart_interrupt.axf" - 0 Error(s), 0 Warning(s).
Build target 'Target 1'
linking...
Program Size: Code=1892 RO-data=36 RW-data=4 ZI-data=1260  
"uart_interrupt.axf" - 0 Error(s), 0 Warning(s).
Build target 'Target 1'
compiling main.c...
linking...
Program Size: Code=1876 RO-data=36 RW-data=4 ZI-data=1260  
"uart_interrupt.axf" - 0 Error(s), 0 Warning(s).
Build target 'Target 1'
compiling main.c...
linking...
Program Size: Code=1936 RO-data=36 RW-data=4 ZI-data=1260  
"uart_interrupt.axf" - 0 Error(s), 0 Warning(s).
Build target 'Target 1'
compiling main.c...
main.c(22): error:  #1114: this feature not supported on target architecture/processor
main.c(86): error:  #29: expected an expression
main.c(86): error:  #20: identifier "i" is undefined
main.c(87): error:  #29: expected an expression
main.c(87): error:  #20: identifier "j" is undefined
Target not created
Build target 'Target 1'
compiling main.c...
main.c(22): error:  #1114: this feature not supported on target architecture/processor
Target not created
Build target 'Target 1'
compiling main.c...
main.c(22): error:  #1114: this feature not supported on target architecture/processor
Target not created
Build target 'Target 1'
compiling main.c...
linking...
Program Size: Code=1596 RO-data=32 RW-data=4 ZI-data=1260  
"uart_interrupt.axf" - 0 Error(s), 0 Warning(s).
