<html>
<body>
<pre>
<h1>µVision Build Log</h1>
<h2>Project:</h2>
D:\BITSILICA\SALMAN\Learning\LPC2148_Projects\018_temp_Logger_LCD\temp_log_with_lcd.uvproj
Project File Date:  09/03/2025

<h2>Output:</h2>
Build target 'Target 1'
compiling main.c...
main.c(99): warning:  #61-D: integer operation result is out of range
main.c(99): warning:  #68-D: integer conversion resulted in a change of sign
main.c(113): warning:  #1-D: last line of file ends without a newline
linking...
Program Size: Code=2044 RO-data=16 RW-data=0 ZI-data=1256  
FromELF: creating hex file...
"temp_log_with_lcd.axf" - 0 Error(s), 3 Warning(s).
Build target 'Target 1'
compiling main.c...
main.c(92): warning:  #61-D: integer operation result is out of range
main.c(92): warning:  #68-D: integer conversion resulted in a change of sign
linking...
Program Size: Code=2328 RO-data=16 RW-data=0 ZI-data=1256  
FromELF: creating hex file...
"temp_log_with_lcd.axf" - 0 Error(s), 2 Warning(s).
Build target 'Target 1'
compiling main.c...
linking...
Program Size: Code=2336 RO-data=16 RW-data=0 ZI-data=1256  
FromELF: creating hex file...
"temp_log_with_lcd.axf" - 0 Error(s), 0 Warning(s).
Build target 'Target 1'
assembling Startup.s...
compiling main.c...
linking...
Program Size: Code=2336 RO-data=16 RW-data=0 ZI-data=1256  
FromELF: creating hex file...
"temp_log_with_lcd.axf" - 0 Error(s), 0 Warning(s).
Build target 'Target 1'
assembling Startup.s...
compiling main.c...
main.c(274): warning:  #1-D: last line of file ends without a newline
linking...
Program Size: Code=2220 RO-data=16 RW-data=0 ZI-data=1256  
FromELF: creating hex file...
"temp_log_with_lcd.axf" - 0 Error(s), 1 Warning(s).
Build target 'Target 1'
compiling main.c...
linking...
Program Size: Code=2220 RO-data=16 RW-data=0 ZI-data=1256  
FromELF: creating hex file...
"temp_log_with_lcd.axf" - 0 Error(s), 0 Warning(s).
Build target 'Target 1'
linking...
Program Size: Code=2220 RO-data=16 RW-data=0 ZI-data=1256  
FromELF: creating hex file...
"temp_log_with_lcd.axf" - 0 Error(s), 0 Warning(s).
Build target 'Target 1'
compiling main.c...
linking...
Program Size: Code=1824 RO-data=16 RW-data=0 ZI-data=1256  
FromELF: creating hex file...
"temp_log_with_lcd.axf" - 0 Error(s), 0 Warning(s).
Build target 'Target 1'
assembling Startup.s...
compiling main.c...
linking...
Program Size: Code=1824 RO-data=16 RW-data=0 ZI-data=1256  
FromELF: creating hex file...
"temp_log_with_lcd.axf" - 0 Error(s), 0 Warning(s).
Build target 'Target 1'
assembling Startup.s...
linking...
Program Size: Code=1816 RO-data=16 RW-data=0 ZI-data=1256  
FromELF: creating hex file...
"temp_log_with_lcd.axf" - 0 Error(s), 0 Warning(s).
Build target 'Target 1'
compiling main.c...
linking...
Program Size: Code=1124 RO-data=16 RW-data=0 ZI-data=1256  
FromELF: creating hex file...
"temp_log_with_lcd.axf" - 0 Error(s), 0 Warning(s).
Build target 'Target 1'
compiling main.c...
linking...
Program Size: Code=1324 RO-data=16 RW-data=0 ZI-data=1256  
FromELF: creating hex file...
"temp_log_with_lcd.axf" - 0 Error(s), 0 Warning(s).
Build target 'Target 1'
compiling main.c...
main.c(44): error:  #65: expected a ";"
Target not created
Build target 'Target 1'
compiling main.c...
linking...
Program Size: Code=1980 RO-data=16 RW-data=0 ZI-data=1256  
FromELF: creating hex file...
"temp_log_with_lcd.axf" - 0 Error(s), 0 Warning(s).
Build target 'Target 1'
compiling main.c...
linking...
Program Size: Code=1984 RO-data=16 RW-data=0 ZI-data=1256  
FromELF: creating hex file...
"temp_log_with_lcd.axf" - 0 Error(s), 0 Warning(s).
Build target 'Target 1'
compiling main.c...
main.c(27): warning:  #177-D: variable "uiAdCVal" was declared but never referenced
main.c(28): warning:  #177-D: variable "cAdcStr" was declared but never referenced
linking...
Program Size: Code=1344 RO-data=16 RW-data=0 ZI-data=1256  
FromELF: creating hex file...
"temp_log_with_lcd.axf" - 0 Error(s), 2 Warning(s).
Build target 'Target 1'
compiling main.c...
linking...
Program Size: Code=1328 RO-data=16 RW-data=0 ZI-data=1256  
FromELF: creating hex file...
"temp_log_with_lcd.axf" - 0 Error(s), 0 Warning(s).
Build target 'Target 1'
compiling main.c...
linking...
Program Size: Code=1384 RO-data=16 RW-data=0 ZI-data=1256  
FromELF: creating hex file...
"temp_log_with_lcd.axf" - 0 Error(s), 0 Warning(s).
Build target 'Target 1'
compiling main.c...
linking...
Program Size: Code=1324 RO-data=16 RW-data=0 ZI-data=1256  
FromELF: creating hex file...
"temp_log_with_lcd.axf" - 0 Error(s), 0 Warning(s).
Build target 'Target 1'
compiling main.c...
linking...
Program Size: Code=2212 RO-data=16 RW-data=0 ZI-data=1256  
FromELF: creating hex file...
"temp_log_with_lcd.axf" - 0 Error(s), 0 Warning(s).
Build target 'Target 1'
compiling main.c...
linking...
Program Size: Code=1324 RO-data=16 RW-data=0 ZI-data=1256  
FromELF: creating hex file...
"temp_log_with_lcd.axf" - 0 Error(s), 0 Warning(s).
Build target 'Target 1'
compiling main.c...
linking...
Program Size: Code=1316 RO-data=16 RW-data=0 ZI-data=1256  
FromELF: creating hex file...
"temp_log_with_lcd.axf" - 0 Error(s), 0 Warning(s).
Build target 'Target 1'
compiling main.c...
linking...
Program Size: Code=2024 RO-data=16 RW-data=0 ZI-data=1256  
FromELF: creating hex file...
"temp_log_with_lcd.axf" - 0 Error(s), 0 Warning(s).
