<html>
<body>
<pre>
<h1>µVision Build Log</h1>
<h2>Project:</h2>
D:\BITSILICA\SALMAN\Learning\LPC2148_Projects\009_LPC2184_LCD\Lcd.uvproj
Project File Date:  09/01/2025

<h2>Output:</h2>
Build target 'Target 1'
assembling Startup.s...
compiling main.c...
linking...
Program Size: Code=2108 RO-data=32 RW-data=4 ZI-data=1260  
"Lcd.axf" - 0 Error(s), 0 Warning(s).
Build target 'Target 1'
linking...
Program Size: Code=2108 RO-data=32 RW-data=4 ZI-data=1260  
FromELF: creating hex file...
"Lcd.axf" - 0 Error(s), 0 Warning(s).
