<html>
<body>
<pre>
<h1>µVision Build Log</h1>
<h2>Project:</h2>
D:\BITSILICA\SALMAN\Learning\LPC2148_Projects\021_Pswd\pswd.uvproj
Project File Date:  09/04/2025

<h2>Output:</h2>
Build target 'Target 1'
assembling Startup.s...
compiling main.c...
linking...
Program Size: Code=2548 RO-data=24 RW-data=0 ZI-data=1256  
"pswd.axf" - 0 Error(s), 0 Warning(s).
Build target 'Target 1'
compiling main.c...
linking...
Program Size: Code=2548 RO-data=24 RW-data=0 ZI-data=1256  
FromELF: creating hex file...
"pswd.axf" - 0 Error(s), 0 Warning(s).
Build target 'Target 1'
compiling main.c...
linking...
Program Size: Code=2400 RO-data=20 RW-data=0 ZI-data=1256  
FromELF: creating hex file...
"pswd.axf" - 0 Error(s), 0 Warning(s).
Build target 'Target 1'
compiling main.c...
linking...
Program Size: Code=2548 RO-data=24 RW-data=0 ZI-data=1256  
FromELF: creating hex file...
"pswd.axf" - 0 Error(s), 0 Warning(s).
Build target 'Target 1'
compiling main.c...
linking...
Program Size: Code=2580 RO-data=24 RW-data=0 ZI-data=1256  
FromELF: creating hex file...
"pswd.axf" - 0 Error(s), 0 Warning(s).
